id GEOID 
total_population cbg_pop 
poverty_percent pctpov 
poc_percent pctpoc
unemployment_rate unemplrate 
dependent_ratio dep_perc 
child_percent child_perc 
senior_percent seniorperc 
tree_canopy tree_canop 
area land_area 
temperature temp_diff 
incorporated_place_name place 
tree_canopy_goal tc_goal 
tree_canopy_gap tc_gap 
equity_index priority_i 
tree_equity_score tes 
poc_percent_normalized pctpocnorm
poverty_percent_normalized pctpovnorm 
unemployment_rate_normalized unemplnorm
temperature_normalized temp_norm
dependent_ratio_normalized depratnorm 
congressional_district congressio 
mental_health ment_hlth 
health_normalized health_nor 
tree_canopy_gap_max tc_gap_max
incorporated_place_mean_tree_equity_score tesctyscor
municipality_slug l_slug
linguistic_isolation linguistic
linguistic_isolation_normalized lingnorm
state state_abbr
county_slug c_slug
potential_tree_canopy potential
potential_vegetation vegetation
potential_paved paved
unsuitable_surface unsuitable 
impervious_surface impervious
air_pollution air_poll
parks_access in_park_ac
neighborhood neighborho
qualified_census_tract qct
mean_radiant_temperature_15 mrt_1500
mean_radiant_temperature_19 mrt_1900
afternoon_air_average_temperature af_air_tem 
evening_air_average_temperature ev_air_tem 
name_ej_criteria name_ej
number_ej_criteria number_ej 
subwatershed subwatersh 
tree_canopy_gain canopygain 
tree_canopy_loss canopyloss
health_risk health_ris
council_district council_di
canopy_change_percent cnpy_chng
ej_disadvantaged ej_disadva
asthma_percent asthma_pct
population_density pop_dens
neighborhood_id nghbrhd_id 
neighborhood_score nghb_score
neighborhood_score_category nghb_scor2
neighborhood_designation nghb_desig
tree_planting_investment_index plnt_invst
social_vulnerability_index austin_svi
road_emissions emissns_mi
municipality_name ua_munips
low_food_access food_acc
community_garden comm_gardn 
affordable_housing af_housing
ttf_tree_equity_planting ttf_priort
