id bge_code
type bge_type
population total_pop
area urban_area
urban_area_proportion urban_pct
tree_canopy_goal tc_goal 
tree_canopy tree_canop
tree_canopy_gap tc_gap
priority_indicator priority_i
income_rank inc_rank
income_normalized incnorm
income_rank_decile inc_dec
employment_rank emp_rank
employment_normalized empnorm
employment_rank_decile emp_dec
health_rank hlth_rank
health_normalized hlthnorm
health_rank_decile hlth_dec
temperature_difference temp_diff
temperature_difference_normalized tempnorm
dependent_ratio dep_ratio
dependent_ratio_normalized depratnorm
dependent_proportion dep_perc
tree_equity_score tes
tree_canopy_gap_max tc_gap_max
poc_proportion pctpoc
children_proportion pct_child
seniors_proportion pct_senior
locality_id la_code
constituency_id co_code
country_id con_code
region reg_name
no2_average NO2_avg
no2_normalized NO2_norm 
pm25_average PM25_avg 
pm25_normalized PM25_norm 
air_pollution apb_index
minority_ethnic_group_proportion pctmineth
rank_group_size rankgrpsz


